A (126) 1  -126.0.0.0  [0000  0001] -[0111 1111]  私有地址A 10.0.0.1    ~ 10.255.255.254
B (64 ) 128-191.0.0.0  [1000  0000] -[1011 1111]  私有地址B 172.16.0.1  ~ 172.31.255.254
C (32 ) 192-223.0.0.0  [1100  0000] -[1101 1111]  私有地址C 192.168.0.1 ~ 192.168.255.254
private1:   inet 192.168.4  .254  --eth0
private2:   inet 192.168.2  .254  --eth1
public1:    inet 201.1  .1  .254  --eth2
public2:    inet 201.1  .2  .254  --eth3

[root@client ~]# nmcli connection add con-name eth3 ifname eth3 type ethernet  autoconnect yes

[root@client ~]# nmcli connection modify eth3 ipv4.method manual ipv4.addresses  201.1.2.10/24  ipv4.gateway 201.1.2.254 connection.autoconnect yes

[root@client ~]# nmcli connection up eth3
[root@client ~]# ifconfig |awk '/inet /{print $2}'
192.168.4.100
192.168.2.15
201.1.2.10
127.0.0.1
192.168.122.1
===============配置GRE VPN======================
[root@client ~]# which modprobe
/usr/sbin/modprobe
[root@client ~]# modprobe -h
Usage:
	modprobe [options] [-i] [-b] modulename
	modprobe [options] -a [-i] [-b] modulename [modulename...]
..................
Management Options:
	-a, --all                   Consider every non-argument to
	-r, --remove                Remove modules instead of inserting
	-R, --resolve-alias         Only lookup and print alias and exit
	    --first-time            Fail if module already inserted or removed
	-i, --ignore-install        Ignore install commands
	-i, --ignore-remove         Ignore remove commands
............................
	-h, --help                  show this help
[root@client ~]# 
[root@client ~]# lsmod |wc -l
93
[root@client ~]# lsmod  |grep ip_gre
[root@client ~]# modprobe ip_gre    #加载Linux内核模块

[root@client ~]# lsmod  |grep ip_gre  #查看当前计算机已经加载的模块
ip_gre                 22707  0 
ip_tunnel              25163  1 ip_gre
gre                    13144  1 ip_gre
[root@client ~]# modinfo ip_gre |grep  filename    #查看内核模块的信息
filename:       /lib/modules/3.10.0-693.el7.x86_64/kernel/net/ipv4/ip_gre.ko.xz
[root@client ~]# ll  /lib/modules/3.10.0-693.el7.x86_64/kernel/net/ipv4/ip_gre.ko.xz 
-rw-r--r--. 1 root root 8936 7月   7 2017 /lib/modules/3.10.0-693.el7.x86_64/kernel/net/ipv4/ip_gre.ko.xz

[root@client ~]#  ##  创建隧道（隧道名称为tun0）# 设置隧道使用gre模式
[root@client ~]# ip tunnel add tun0 mode gre  \
> remote  201.1.2.5  local 201.1.2.10
##local 本机的IP地址，remote后面是与其他主机建立隧道的对方IP地址

[root@client ~]# ip link  set tun0  up  ##启用该隧道tun0

[root@client ~]# ip link  show |tail -3
    link/ether 00:00:00:00:00:00 brd ff:ff:ff:ff:ff:ff
10: tun0@NONE: <POINTOPOINT,NOARP,UP,LOWER_UP> mtu 1476 qdisc noqueue state UNKNOWN mode DEFAULT qlen 1
    link/gre 201.1.2.10 peer 201.1.2.5

[root@client ~]# ip link show tun0
10: tun0@NONE: <POINTOPOINT,NOARP,UP,LOWER_UP> mtu 1476 qdisc noqueue state UNKNOWN mode DEFAULT qlen 1
    link/gre 201.1.2.10 peer 201.1.2.5

[root@client ~]# ip address  show |tail -4   //查看IP地址
10: tun0@NONE: <POINTOPOINT,NOARP,UP,LOWER_UP> mtu 1476 qdisc noqueue state UNKNOWN qlen 1
    link/gre 201.1.2.10 peer 201.1.2.5

[root@client ~]# ip a  s |grep tun0      //查看IP地址
10: tun0@NONE: <POINTOPOINT,NOARP,UP,LOWER_UP> mtu 1476 qdisc noqueue state UNKNOWN qlen 1

       ---- 创建一个虚拟VPN隧道(10.10.10.0/24)为VPN配置隧道IP地址
#为隧道tun0设置本地IP地址（10.10.10.10/24)//隧道对面的主机的隧道IP为10.10.10.5/24

[root@client ~]# ip address add 10.10.10.10/24  \
> peer  10.10.10.5/24  dev  tun0

[root@client ~]# ip address show |tail -5
    link/gre 201.1.2.10 peer 201.1.2.5
    inet 10.10.10.10 peer 10.10.10.5/24 scope global tun0

[root@client ~]# ip address show |grep tun0
10: tun0@NONE: <POINTOPOINT,NOARP,UP,LOWER_UP> mtu 1476 qdisc noqueue state UNKNOWN qlen 1
    inet 10.10.10.10 peer 10.10.10.5/24 scope global tun0

[root@client ~]# ip address show tun0 |head -3
10: tun0@NONE: <POINTOPOINT,NOARP,UP,LOWER_UP> mtu 1476 qdisc noqueue state UNKNOWN qlen 1
    link/gre 201.1.2.10 peer 201.1.2.5
    inet 10.10.10.10 peer 10.10.10.5/24 scope global tun0

[root@client ~]# cat /proc/sys/net/ipv4/ip_forward  开启路由转发、关闭防火墙
1
[root@client ~]# firewall-cmd --set-default-zone=trusted
FirewallD is not running
[root@client ~]# ping -c2 -i0.2 -w1 201.1.2.5

64 bytes from 201.1.2.5: icmp_seq=1 ttl=64 time=0.330 ms
64 bytes from 201.1.2.5: icmp_seq=2 ttl=64 time=0.307 ms

[root@client ~]# ping -c2 -i0.2 -w1  10.10.10.5  测试连通性

64 bytes from 10.10.10.5: icmp_seq=1 ttl=64 time=0.388 ms
64 bytes from 10.10.10.5: icmp_seq=2 ttl=64 time=0.415 ms
[root@client ~]# ifconfig |awk '/inet /{print $2}'
192.168.4.100
192.168.2.15
201.1.2.10
127.0.0.1
10.10.10.10
192.168.122.1
---------------------------------------
[root@proxy ~]# nmcli connection add con-name eth3 ifname eth3 type ethernet autoconnect yes

[root@proxy ~]# nmcli connection modify  eth3 ipv4.method manual ipv4.addresses  201.1.2.5/24 ipv4.gateway 201.1.2.254 connection.autoconnect yes
[root@proxy ~]# nmcli connection up eth3

[root@proxy ~]# ifconfig |awk '/inet /{print $2}'
192.168.4.5
192.168.2.5
201.1.2.5
127.0.0.1
192.168.122.1
[root@proxy ~]# lsmod |head -5
Module                  Size  Used by
tcp_diag               12591  0 
udp_diag               12801  0 
inet_diag              18949  2 tcp_diag,udp_diag
xt_CHECKSUM            12549  1 
[root@proxy ~]# lsmod |grep ip_gre
[root@proxy ~]# lsmod |wc -l
93
[root@proxy ~]# modinfo ip_gre #查看内核模块的信息
filename:       /lib/modules/3.10.0-693.el7.x86_64/kernel/net/ipv4/ip_gre.ko.xz
................
signer:         Red Hat Enterprise Linux kernel signing key
sig_key:        4F:FD:D6:3C:93:7E:B4:A7:A1:14:BC:5E:89:1A:CB:DE:50:20:65:21
sig_hashalgo:   sha256
parm:           log_ecn_error:Log packets received with corrupted ECN (bool)

[root@proxy ~]# modprobe  ip_gre
[root@proxy ~]# lsmod |grep ip_gre
ip_gre                 22707  0 
ip_tunnel              25163  1 ip_gre
gre                    13144  1 ip_gre
/**#创建隧道（隧道名称为tun0）,ip tunnel help可以查看帮助
//mode设置隧道使用gre模式//local后面跟本机的IP地址
remote后面是与其他主机建立隧道的对方IP地址
**/
[root@proxy ~]# ip tunnel add tun0 mode gre remote 201.1.2.10 \
> local 201.1.2.5

[root@proxy ~]# ip  link show  |tail -3
    link/ether 00:00:00:00:00:00 brd ff:ff:ff:ff:ff:ff
10: tun0@NONE: <POINTOPOINT,NOARP> mtu 1476 qdisc noop state DOWN mode DEFAULT qlen 1
    link/gre 201.1.2.5 peer 201.1.2.10

[root@proxy ~]# ip link  set tun0  up   ##启用该隧道tun0

[root@proxy ~]# ip link  show |tail  -3
    link/ether 00:00:00:00:00:00 brd ff:ff:ff:ff:ff:ff
10: tun0@NONE: <POINTOPOINT,NOARP,UP,LOWER_UP> mtu 1476 qdisc noqueue state UNKNOWN mode DEFAULT qlen 1
    link/gre 201.1.2.5 peer 201.1.2.10

[root@proxy ~]# ip link show tun0
10: tun0@NONE: <POINTOPOINT,NOARP,UP,LOWER_UP> mtu 1476 qdisc noqueue state UNKNOWN mode DEFAULT qlen 1
    link/gre 201.1.2.5 peer 201.1.2.10

/***---为VPN配置隧道IP地址  //为隧道tun0设置本地IP地址（10.10.10.5/24）
                  -----------//隧道对面的 peer 主机IP的隧道IP为10.10.10.10/24
[root@proxy ~]# ip address add 10.10.10.5/24 \
> peer  10.10.10.10/24  dev tun0

[root@proxy ~]# ip address show |grep tun0
10: tun0@NONE: <POINTOPOINT,NOARP,UP,LOWER_UP> mtu 1476 qdisc noqueue state UNKNOWN qlen 1
    inet 10.10.10.5 peer 10.10.10.10/24 scope global tun0

[root@proxy ~]# ip address show tun0 |head -3  //查看VPN隧道tun0的 IP地址
10: tun0@NONE: <POINTOPOINT,NOARP,UP,LOWER_UP> mtu 1476 qdisc noqueue state UNKNOWN qlen 1
    link/gre 201.1.2.5 peer 201.1.2.10
    inet 10.10.10.5 peer 10.10.10.10/24 scope global tun0

 开启路由转发、关闭防火墙
[root@proxy ~]#  firewall-cmd --set-default-zone=trusted
FirewallD is not running
[root@proxy ~]# cat /proc/sys/net/ipv4/ip_forward
1
[root@proxy ~]# ping -c2 -i0.2 -w1 201.1.2.10

64 bytes from 201.1.2.10: icmp_seq=1 ttl=64 time=0.429 ms
64 bytes from 201.1.2.10: icmp_seq=2 ttl=64 time=0.315 ms

[root@proxy ~]# ping -c2 -i0.2 -w1  10.10.10.10  测试连通性

64 bytes from 10.10.10.10: icmp_seq=1 ttl=64 time=0.496 ms
64 bytes from 10.10.10.10: icmp_seq=2 ttl=64 time=0.538 ms
[root@proxy ~]# ifconfig |awk '/inet /{print $2}'
192.168.4.5
192.168.2.5
201.1.2.5
127.0.0.1
10.10.10.5
192.168.122.1


====================创建L2TP+IPSec VPN===========================

[root@VM1 ~]# nmcli connection add con-name eth3 ifname eth3 type ethernet  autoconnect yes

[root@VM1 ~]# nmcli connection modify eth3 ipv4.method manual ipv4.addresses  201.1.2.200/24  ipv4.gateway 201.1.2.254 connection.autoconnect yes
[root@VM1 ~]# nmcli connection up eth3

[root@VM1 ~]# ifconfig |awk '/inet /{print $2}'
192.168.4.11
192.168.2.11
201.1.2.200
127.0.0.1
192.168.122.1
[root@VM1 ~]# yum  -y install libreswan
[root@VM1 ~]# rpm -q libreswan
libreswan-3.20-3.el7.x86_64
[root@VM1 ~]# ll lnmp_soft/vpn/myipsec.conf
-rw-r--r--. 1 root root 373 3月  27 2018 lnmp_soft/vpn/myipsec.conf
[root@VM1 ~]# cp lnmp_soft/vpn/myipsec.conf  /etc/ipsec.d/
[root@VM1 ~]# ls /etc/ipsec.d/
myipsec.conf  policies  v6neighbor-hole.conf

[root@VM1 ~]# tail -1  /etc/ipsec.conf 
include /etc/ipsec.d/*.conf

[root@VM1 ~]# vim /etc/ipsec.d/myipsec.conf 
[root@VM1 ~]# cat /etc/ipsec.d/myipsec.conf 
conn IDC-PSK-NAT
    rightsubnet=vhost:%priv  ##---容许建立的VPN虚拟网络
    also=IDC-PSK-noNAT

conn IDC-PSK-noNAT
    authby=secret     #加密认证
        ike=3des-sha1;modp1024   #选择算法
        phase2alg=aes256-sha1;modp2048   #算法
    pfs=no
    auto=add
    keyingtries=3
    rekey=no
    ikelifetime=8h
    keylife=3h
    type=transport
    left=201.1.2.200     ####本机IP 201.1.2.200/24设置服务器本机的外网IP
    leftprotoport=17/1701
    right=%any     #容许任何客户端连接
    rightprotoport=17/%any
[root@VM1 ~]# 
[root@VM1 ~]# tail -1  /etc/ipsec.conf 
include /etc/ipsec.d/*.conf

[root@VM1 ~]# ls /etc/ipsec.d/
myipsec.conf  policies  v6neighbor-hole.conf

[root@VM1 ~]# cat /etc/ipsec.secrets 
include /etc/ipsec.d/*.secrets   #加载密钥文件

[root@VM1 ~]# vim /etc/ipsec.d/mypass.secrets

[root@VM1 ~]# cat /etc/ipsec.d/mypass.secrets  #配置IPSec预定义共享密钥
201.1.2.200   %any:  PSK   "randpass"      //randpass为密钥  
##201.1.2.200（VPN服务器提供的ip）  %any:（谁可以连接上设备）   PSK （PSK预共享密钥）
###pre share key PSK

[root@VM1 ~]# systemctl start ipsec.service  启动IPSec服务
[root@VM1 ~]# which ipsec
/usr/sbin/ipsec
[root@VM1 ~]# netstat -anputl |grep pluto  #4500和500证明服务启动
........................        
udp        0      0 201.1.2.200:4500        0.0.0.0:*                           9587/pluto          
....................         
udp        0      0 201.1.2.200:500         0.0.0.0:*                           9587/pluto          
..........................         
[root@VM1 ~]# 

/******
[root@VM1 ~]# lsmod |grep ip_gre
[root@VM1 ~]# modprobe  ip_gre
[root@VM1 ~]# lsmod |grep ip_gre
ip_gre                 22707  0 
gre                    13144  1 ip_gre
ip_tunnel              25163  2 ip_gre,ip_vti
[root@VM1 ~]# which modprobe 
/usr/sbin/modprobe
[root@VM1 ~]# cat /proc/sys/net/ipv4/ip_forward
1
********************/
[root@VM1 ~]# ls lnmp_soft/vpn/xl2tpd-1.3.8-2.el7.x86_64.rpm 
lnmp_soft/vpn/xl2tpd-1.3.8-2.el7.x86_64.rpm

[root@VM1 ~]# yum -y install lnmp_soft/vpn/xl2tpd-1.3.8-2.el7.x86_64.rpm

[root@VM1 ~]# rpm -q xl2tpd
xl2tpd-1.3.8-2.el7.x86_64

[root@VM1 ~]# vim /etc/xl2tpd/xl2tpd.conf    //修改主配置文件
 17 [global]
 31 [lns default]
 32 ip range = 192.168.3.128-192.168.3.254   //分配给客户端的IP池
 33 local ip = 201.1.2.200    //服务器本地IP
 34 require chap = yes
 35 refuse pap = yes
 36 require authentication = yes
 37 name = LinuxVPNserver
 38 ppp debug = yes
 39 pppoptfile = /etc/ppp/options.xl2tpd
 40 length bit = yes

[root@VM1 ~]# vim /etc/ppp/options.xl2tpd 
  1 ipcp-accept-local
  2 ipcp-accept-remote
  3 ms-dns  8.8.8.8           //DNS服务器
  4 # ms-dns  192.168.1.1
  5 # ms-dns  192.168.1.3
  6 # ms-wins 192.168.1.2
  7 # ms-wins 192.168.1.4
  8 noccp
  9 auth
 10 #crtscts
 11 idle 1800
 12 mtu 1410
 13 mru 1410
 14 nodefaultroute
 15 debug
 16 #lock
 17 proxyarp
 18 connect-delay 5000
 19 # To allow authentication against a Windows domain EXAMPLE, and require     the
 20 # user to be in a group "VPN Users". Requires the samba-winbind package
 21 require-mschap-v2    //连vpn强制要求认证
 22 # plugin winbind.so

[root@VM1 ~]# vim /etc/ppp/chap-secrets    //修改账户配置文件
[root@VM1 ~]# tail -1 /etc/ppp/chap-secrets
jacob      *         123456     *    
##//用户名   服务器标记    密码    客户端
[root@VM1 ~]# systemctl start xl2tpd.service  #-启动服务
[root@VM1 ~]# cat /proc/sys/net/ipv4/ip_forward  //开启路由转发
1
[root@VM1 ~]# systemctl enable xl2tpd.service  

[root@VM1 ~]# ss -anputl |grep xl2tpd |column -t
udp  UNCONN  0  0  *:1701  *:*  users:(("xl2tpd",pid=10470,fd=3))
[root@VM1 ~]# which iptables
/usr/sbin/iptables
[root@VM1 ~]# ls /usr/sbin/ip*
/usr/sbin/ip                 /usr/sbin/iprdbg     /usr/sbin/ipset
/usr/sbin/ip6tables          /usr/sbin/iprdump    /usr/sbin/iptables
/usr/sbin/ip6tables-restore  /usr/sbin/iprinit    /usr/sbin/iptables-restore
/usr/sbin/ip6tables-save     /usr/sbin/iprsos     /usr/sbin/iptables-save
/usr/sbin/ipmaddr            /usr/sbin/iprupdate  /usr/sbin/iptunnel
/usr/sbin/iprconfig          /usr/sbin/ipsec
       ====================  ##翻墙设置
[root@VM1 ~]# iptables  -t nat  -A  POSTROUTING  -s  \
> 192.168.3.0/24  -j  SNAT  --to-source  201.1.2.200
[root@VM1 ~]# echo $?
0
[root@VM1 ~]# 
/**设置Windows注册表（不修改注册表，连接VPN默认会报789错误），具体操作如下：
单击"开始"，单击"运行"，键入"regedit"，然后单击"确定"
找到下面的注册表子项，然后单击它：
HKEY_LOCAL_MACHINE\ System\CurrentControlSet\Services\Rasman\Parameters
在"编辑"菜单上，单击"新建"->"DWORD值"
在"名称"框中，键入"ProhibitIpSec"
在"数值数据"框中，键入"1"，然后单击"确定"
退出注册表编辑器，然后重新启动计算机
连接VPN并测试网络连通性（参考案例2）。
**/

启动一台Windows虚拟机，
将虚拟机网卡桥接到public2，配置IP地址为201.1.2.20。
子网掩码255.255.255.0
网关 201.1.2.254
新建网络连接（具体操作如图-3所示），输入VPN服务器账户与密码，
连接VPN并测试网络连通性



=============创建L2TP+IPSec VPN============
[root@VM2 ~]# nmcli connection add con-name eth3 ifname eth3 type ethernet  autoconnect yes

[root@VM2 ~]# nmcli connection modify eth3 ipv4.method manual ipv4.addresses  201.1.2.220/24  ipv4.gateway 201.1.2.254 connection.autoconnect yes
[root@VM2 ~]# nmcli connection up eth3

[root@VM2 ~]# ifconfig |awk '/inet /{print $2}'
192.168.4.12
192.168.2.12
201.1.2.220
127.0.0.1
192.168.122.1
[root@VM2 ~]# yum -y install libreswan

[root@VM2 ~]# rpm -q libreswan 
libreswan-3.20-3.el7.x86_64
[root@VM2 ~]# ll lnmp_soft/vpn/myipsec.conf 
-rw-r--r--. 1 root root 373 3月  27 2018 lnmp_soft/vpn/myipsec.conf

[root@VM2 ~]# cp lnmp_soft/vpn/myipsec.conf /etc/ipsec.d/

[root@VM2 ~]# ls /etc/ipsec.d/
myipsec.conf  policies  v6neighbor-hole.conf

[root@VM2 ~]# tail -1 /etc/ipsec.conf 
include /etc/ipsec.d/*.conf

[root@VM2 ~]# vim /etc/ipsec.d/myipsec.conf 
[root@VM2 ~]# cat /etc/ipsec.d/myipsec.conf 
conn IDC-PSK-NAT
    rightsubnet=vhost:%priv
    also=IDC-PSK-noNAT

conn IDC-PSK-noNAT
    authby=secret
        ike=3des-sha1;modp1024
        phase2alg=aes256-sha1;modp2048
    pfs=no
    auto=add
    keyingtries=3
    rekey=no
    ikelifetime=8h
    keylife=3h
    type=transport
    left=201.1.2.220     ####本机IP 201.1.2.220/24
    leftprotoport=17/1701
    right=%any
    rightprotoport=17/%any
[root@VM2 ~]# tail -1 /etc/ipsec.conf 
include /etc/ipsec.d/*.conf

[root@VM2 ~]# ls /etc/ipsec.d/
myipsec.conf  policies  v6neighbor-hole.conf

[root@VM2 ~]# cat /etc/ipsec.secrets
include /etc/ipsec.d/*.secrets

[root@VM2 ~]# vim /etc/ipsec.d/mypass.secrets
[root@VM2 ~]# cat /etc/ipsec.d/mypass.secrets 
201.1.2.220  %any: PSK  "randpass"
[root@VM2 ~]# systemctl start ipsec
[root@VM2 ~]# which ipsec
/usr/sbin/ipsec
[root@VM2 ~]# ss -anputl |grep pluto
................................
udp  UNCONN   0   0   201.1.2.220:4500    *:*   users:(("pluto",pid=8840,fd=20))

.....................................................
udp  UNCONN   0   0   201.1.2.220:500     *:*   users:(("pluto",pid=8840,fd=19))
.............................
[root@VM2 ~]# pgrep -lx pluto  找出进程 的 PID 编号值
2838 pluto
[root@VM2 ~]# ss -anptul |grep pluto |tail -1
udp    UNCONN   0      0   ::1:500  :::*    users:(("pluto",pid=2838,fd=27))
[root@VM2 ~]# ps  -elf |grep pluto  查看进程静态快照
4 S root  2838     1  0  80   0 - 48455 ep_pol 13:13 ?   00:00:00 /usr/libexec/ipsec/pluto --leak-detective --config /etc/ipsec.conf --nofork
0 R root      5437  1685  0  80   0 - 28169 -  17:37 pts/0    00:00:00 grep --color=auto pluto
[root@VM2 ~]# ps -aux |grep pluto  查看进程静态快照
root   2838  0.0  0.6 193820  6428 ?  Ssl  13:13   0:00 /usr/libexec/ipsec/pluto --leak-detective --config /etc/ipsec.conf --nofork
root      5448  0.0  0.0 112676   984 pts/0    R+   17:37   0:00 grep --color=auto pluto
[root@VM2 ~]# pstree  -p   2838
pluto(2838)───{pluto}(2842)
/*****
命令行 &：将命令行在后台运行
Ctrl + z 组合键：挂起当前进程（暂停并转入后台）
jobs：列出当前用户当前终端的后台任务
bg 编号：启动指定编号的后台任务
fg 编号：将指定编号的后台任务调入前台运行
kill [-9] PID...：杀死指定PID值的进程
kill [-9] %n：杀死第n个后台任务
killall [-9] 进程名...：杀死指定名称的所有进程
pkill：根据指定的名称或条件杀死进程

常见的系统日志及各自用途：
/var/log/messages，记录内核消息、各种服务的公共消息
/var/log/dmesg，记录系统启动过程的各种消息
/var/log/cron，记录与cron计划任务相关的消息
/var/log/maillog，记录邮件收发相关的消息
/var/log/secure，记录与访问限制相关的安全消息
日志消息的优先级（高-->低）：
EMERG（紧急）：级别0，系统不可用的情况
ALERT（警报）：级别1，必须马上采取措施的情况
CRIT（严重）：级别2，严重情形
ERR（错误）：级别3，出现错误
WARNING（警告）：级别4，值得警告的情形
NOTICE（注意）：级别5，普通但值得引起注意的事件
INFO（信息）：级别6，一般信息
DEBUG（调试）：级别7，程序/服务调试消息
RHEL7提供的journalctl日志工具的常见用法：
journalctl | grep 关键词
journalctl -u 服务名 -p 优先级
journalctl -n 消息条数
journalctl --since="yyyy-mm-dd HH:MM:SS" --until="yyyy-mm-dd HH:MM:SS"
[root@VM2 ~]# jobs  -l
[root@VM2 ~]# dmesg |grep  -i mouse
[    1.357323] mousedev: PS/2 mouse device common for all mice
[    1.357803] input: VirtualPS/2 VMware VMMouse as /devices/platform/i8042/serio1/input/input2
[    1.357933] input: VirtualPS/2 VMware VMMouse as /devices/platform/i8042/serio1/input/input3
[root@VM2 ~]# 
[root@VM2 ~]# lastb  -2    查看失败登录的事件消息：
(unknown ttyS0                         Tue Jan 30 12:35 - 12:35  (00:00)    
(unknown ttyS0                         Tue Jan 30 12:35 - 12:35  (00:00)    

btmp begins Tue Jan 30 12:35:46 2018
[root@VM2 ~]# last -2   查看成功登录的事件消息：
root     pts/0        192.168.4.254    Sun Oct  7 12:06   still logged in   
reboot   system boot  3.10.0-693.el7.x Sun Oct  7 12:02 - 17:47  (05:44)    

wtmp begins Tue Jan 30 12:24:54 2018
[root@VM2 ~]# journalctl -p err -n 3  列出最近 3 条重要程度在 ERR 及以上的日志消息
-- Logs begin at 日 2018-10-07 12:02:45 CST, end at 日 2018-10-07 17:50:01 CST. --
10月 07 12:06:40 VM2 systemd[1]: Dependency failed for /dev/mapper/rhel-swap.
10月 07 13:14:59 VM2 systemd[1]: Timed out waiting for device dev-mapper-rhel\x2dswap.d
10月 07 13:14:59 VM2 systemd[1]: Dependency failed for /dev/mapper/rhel-swap.

按Q键退出
[root@VM2 ~]#  journalctl  --since  "2018-10-07 17:00"  --until  "2018-10-07 17:05" \
> |head -5     列出 时间段 内新记录的日志
-- Logs begin at 日 2018-10-07 12:02:45 CST, end at 日 2018-10-07 17:50:01 CST. --
10月 07 17:00:01 VM2 systemd[1]: Started Session 35 of user root.
10月 07 17:00:01 VM2 systemd[1]: Starting Session 35 of user root.
10月 07 17:00:01 VM2 CROND[5078]: (root) CMD (/usr/lib64/sa/sa1 1 1)
10月 07 17:01:01 VM2 systemd[1]: Started Session 36 of user root.
[root@VM2 ~]# 

https://www.csdn.net/
/**设置Windows注册表（不修改注册表，连接VPN默认会报789错误），具体操作如下：
单击"开始"，单击"运行"，键入"regedit"，然后单击"确定"
找到下面的注册表子项，然后单击它：
HKEY_LOCAL_MACHINE\ System\CurrentControlSet\Services\Rasman\Parameters
在"编辑"菜单上，单击"新建"->"DWORD值"
在"名称"框中，键入"ProhibitIpSec"
在"数值数据"框中，键入"1"，然后单击"确定"
退出注册表编辑器，然后重新启动计算机
连接VPN并测试网络连通性（参考案例2）。
**/





